[INTERM] [29/05/2026 09:29] [SOLICITUD] P/R/dir
[INTERM] [29/05/2026 09:29] [ENRUTAMIENTO] Enviando solicitud a servidor
[CLIENTE] [29/05/2026 09:29] [SOLICITUD] P/R/dir
[SERVIDOR] [29/05/2026 09:29] [RESPUESTA] P/D/dir
[INTERM] [29/05/2026 09:29] [RESPUESTA] P/D/dir
[CLIENTE] [29/05/2026 09:29] [RESPUESTA] P/D/dir
[CLIENTE] [29/05/2026 09:29] [SOLICITUD] P/G/death star ii segmento=1
[INTERM] [29/05/2026 09:29] [SOLICITUD] P/G/death star ii segmento=1
[INTERM] [29/05/2026 09:29] [ENRUTAMIENTO] Enviando solicitud a servidor
[SERVIDOR] [29/05/2026 09:29] [RESPUESTA] P/D/death star ii segmento=1
[INTERM] [29/05/2026 09:29] [RESPUESTA] P/D/death star ii segmento=1
[CLIENTE] [29/05/2026 09:29] [RESPUESTA] P/D/death star ii segmento=1
[INTERM] [29/05/2026 09:29] [SOLICITUD] P/R/dir
[INTERM] [29/05/2026 09:29] [ENRUTAMIENTO] Enviando solicitud a servidor
[CLIENTE] [29/05/2026 09:29] [SOLICITUD] P/R/dir
[SERVIDOR] [29/05/2026 09:29] [RESPUESTA] P/D/dir
[INTERM] [29/05/2026 09:29] [RESPUESTA] P/D/dir
[CLIENTE] [29/05/2026 09:29] [RESPUESTA] P/D/dir
[INTERM] [29/05/2026 09:29] [SOLICITUD] P/G/c3po segmento=2
[CLIENTE] [29/05/2026 09:29] [SOLICITUD] P/G/c3po segmento=2
[INTERM] [29/05/2026 09:29] [ENRUTAMIENTO] Enviando solicitud a servidor
[SERVIDOR] [29/05/2026 09:29] [RESPUESTA] P/D/c3po segmento=2
[INTERM] [29/05/2026 09:29] [RESPUESTA] P/D/c3po segmento=2
[CLIENTE] [29/05/2026 09:29] [RESPUESTA] P/D/c3po segmento=2
[INTERM] [29/05/2026 09:52] [SOLICITUD] P/R/dir
[CLIENTE] [29/05/2026 09:52] [SOLICITUD] P/R/dir
[INTERM] [29/05/2026 09:52] [ENRUTAMIENTO] Enviando solicitud a servidor
[SERVIDOR] [29/05/2026 09:52] [RESPUESTA] P/D/dir
[INTERM] [29/05/2026 09:52] [RESPUESTA] P/D/dir
[CLIENTE] [29/05/2026 09:52] [RESPUESTA] P/D/dir
[CLIENTE] [29/05/2026 09:52] [SOLICITUD] P/G/c3po segmento=2
[INTERM] [29/05/2026 09:52] [SOLICITUD] P/G/c3po segmento=2
[INTERM] [29/05/2026 09:52] [ENRUTAMIENTO] Enviando solicitud a servidor
[SERVIDOR] [29/05/2026 09:52] [RESPUESTA] P/D/c3po segmento=2
[INTERM] [29/05/2026 09:52] [RESPUESTA] P/D/c3po segmento=2
[CLIENTE] [29/05/2026 09:52] [RESPUESTA] P/D/c3po segmento=2
[CLIENTE] [29/05/2026 11:00] [SOLICITUD] P/R/dir
[INTERM] [29/05/2026 11:00] [SOLICITUD] P/R/dir
[INTERM] [29/05/2026 11:00] [ENRUTAMIENTO] Enviando solicitud a servidor
[SERVIDOR] [29/05/2026 11:00] [RESPUESTA] P/D/dir
[INTERM] [29/05/2026 11:00] [RESPUESTA] P/D/dir
[CLIENTE] [29/05/2026 11:00] [RESPUESTA] P/D/dir
[CLIENTE] [29/05/2026 11:00] [SOLICITUD] P/G/c3po segmento=1
[INTERM] [29/05/2026 11:00] [SOLICITUD] P/G/c3po segmento=1
[INTERM] [29/05/2026 11:00] [ENRUTAMIENTO] Enviando solicitud a servidor
[SERVIDOR] [29/05/2026 11:00] [RESPUESTA] P/D/c3po segmento=1
[INTERM] [29/05/2026 11:00] [RESPUESTA] P/D/c3po segmento=1
[CLIENTE] [29/05/2026 11:00] [RESPUESTA] P/D/c3po segmento=1
[CLIENTE] [29/05/2026 11:01] [SOLICITUD] P/R/dir
[INTERM] [29/05/2026 11:01] [SOLICITUD] P/R/dir
[INTERM] [29/05/2026 11:01] [ENRUTAMIENTO] Enviando solicitud a servidor
[SERVIDOR] [29/05/2026 11:01] [RESPUESTA] P/D/dir
[INTERM] [29/05/2026 11:01] [RESPUESTA] P/D/dir
[CLIENTE] [29/05/2026 11:01] [RESPUESTA] P/D/dir
